[ec2-user@ip-10-1-10-49 ~]$  mysql -u admin -p -h udacityreplicadb.camzxav71uj3.us-west-2.rds.amazonaws.com
Enter password 
Welcome to the MySQL monitor.  Commands end with ; or g.
Your MySQL connection id is 30
Server version 8.0.33 Source distribution

Copyright (c) 2000, 2023, Oracle andor its affiliates.

Oracle is a registered trademark of Oracle Corporation andor its
affiliates. Other names may be trademarks of their respective
owners.

Type 'help;' or 'h' for help. Type 'c' to clear the current input statement.

mysql> SHOW DATABASES;
+--------------------+
 Database           
+--------------------+
 information_schema 
 mysql              
 performance_schema 
 sys                
 udacity            
+--------------------+
5 rows in set (0.00 sec)

mysql> USE udacity;
Reading table information for completion of table and column names
You can turn off this feature to get a quicker startup with -A

Database changed
mysql> SELECT  FROM pet;
+----------+-----------+----------+------+------------+-------+
 name      owner      species   sex   birth       death 
+----------+-----------+----------+------+------------+-------+
 Puddball  hoang      hqmstqr   f     2000-03-30  NULL  
 Doremon   hoanglong  cat-long  m     2000-11-23  NULL  
+----------+-----------+----------+------+------------+-------+
2 rows in set (0.01 sec)
mysql> ^C
mysql> ^C
mysql> INSERT INTO pet
    ->  VALUES ('Mi','Trump','dog','f','2009-11-11',NULL);
ERROR 1290 (HY000): The MySQL server is running with the --read-only option so it cannot execute this statement
mysql> 